[17:19:19] [ServerMain/INFO]: [bootstrap] Running Java 21 (OpenJDK 64-Bit Server VM 21.0.9+10-Debian-1deb13u1; Debian null) on Linux 6.12.46-66.121.amzn2023.x86_64 (amd64)
[17:19:19] [ServerMain/INFO]: [bootstrap] Loading Purpur 1.21.8-2497-HEAD@a49cdb9 (2025-09-19T01:51:04Z) for Minecraft 1.21.8
[17:19:20] [ServerMain/INFO]: [PluginInitializerManager] Initializing plugins...
[17:19:20] [ServerMain/INFO]: [PluginInitializerManager] Initialized 0 plugins
[17:19:25] [ServerMain/INFO]: Environment: Environment[sessionHost=https://sessionserver.mojang.com, servicesHost=https://api.minecraftservices.com, name=PROD]
[17:19:27] [ServerMain/INFO]: Loaded 1407 recipes
[17:19:27] [ServerMain/INFO]: Loaded 1520 advancements
[17:19:27] [ServerMain/INFO]: [ca.spottedleaf.dataconverter.minecraft.datatypes.MCTypeRegistry] Initialising converters for DataConverter...
[17:19:28] [ServerMain/INFO]: [ca.spottedleaf.dataconverter.minecraft.datatypes.MCTypeRegistry] Finished initialising converters for DataConverter in 393.9ms
[17:19:28] [Server thread/INFO]: Starting minecraft server version 1.21.8
[17:19:28] [Server thread/INFO]: Loading properties
[17:19:28] [Server thread/INFO]: This server is running Purpur version 1.21.8-2497-HEAD@a49cdb9 (2025-09-19T01:51:04Z) (Implementing API version 1.21.8-R0.1-SNAPSHOT)
[17:19:28] [Server thread/INFO]: [spark] This server bundles the spark profiler. For more information please visit https://docs.papermc.io/paper/profiling
[17:19:28] [Server thread/INFO]: Server Ping Player Sample Count: 12
[17:19:28] [Server thread/INFO]: Using 4 threads for Netty based IO
[17:19:30] [Server thread/INFO]: [MoonriseCommon] Paper is using 1 worker threads, 1 I/O threads
[17:19:30] [Server thread/INFO]: [ChunkTaskScheduler] Chunk system is using population gen parallelism: true
[17:19:30] [Server thread/ERROR]: [MapSerializer] Could not deserialize key grass into class net.minecraft.world.item.Item at [entities, spawning, alt-item-despawn-rate, items]: Missing value in Registry[ResourceKey[minecraft:root / minecraft:item] (Stable)] with key minecraft:grass
[17:19:30] [Server thread/ERROR]: [MapSerializer] Could not deserialize key potion into net.minecraft.world.entity.EntityType<?> at [chunks, entity-per-chunk-save-limit]: Missing value in Registry[ResourceKey[minecraft:root / minecraft:entity_type] (Stable)] with key minecraft:potion
[17:19:30] [Server thread/INFO]: Default game type: SURVIVAL
[17:19:30] [Server thread/INFO]: Generating keypair
[17:19:30] [Server thread/INFO]: Starting Minecraft server on *:7860
[17:19:31] [Server thread/INFO]: Using epoll channel type
[17:19:31] [Server thread/INFO]: Paper: Using libdeflate (Linux x86_64) compression from Velocity.
[17:19:31] [Server thread/INFO]: Paper: Using OpenSSL 3.x.x (Linux x86_64) cipher from Velocity.
[17:19:31] [Server thread/INFO]: Server permissions file permissions.yml is empty, ignoring it
[17:19:31] [Server thread/WARN]: **** SERVER IS RUNNING IN OFFLINE/INSECURE MODE!
[17:19:31] [Server thread/WARN]: The server will make no attempt to authenticate usernames. Beware.
[17:19:31] [Server thread/WARN]: While this makes the game possible to play without internet access, it also opens up the ability for hackers to connect with any username they choose.
[17:19:31] [Server thread/WARN]: To change this, set "online-mode" to "true" in the server.properties file.
[17:19:31] [Server thread/INFO]: Preparing level "world"
[17:19:31] [Server thread/ERROR]: [MapSerializer] Could not deserialize key grass into class net.minecraft.world.item.Item at [entities, spawning, alt-item-despawn-rate, items]: Missing value in Registry[ResourceKey[minecraft:root / minecraft:item] (Stable)] with key minecraft:grass
[17:19:31] [Server thread/ERROR]: [MapSerializer] Could not deserialize key potion into net.minecraft.world.entity.EntityType<?> at [chunks, entity-per-chunk-save-limit]: Missing value in Registry[ResourceKey[minecraft:root / minecraft:entity_type] (Stable)] with key minecraft:potion
[17:19:31] [Server thread/ERROR]: Unknown value for `blocks.bed.explosion-effect`! Using default of `BLOCK`
[17:19:31] [Server thread/ERROR]: Unknown value for `blocks.end-crystal.baseless.explosion-effect`! Using default of `BLOCK`
[17:19:31] [Server thread/ERROR]: Unknown value for `blocks.end-crystal.base.explosion-effect`! Using default of `BLOCK`
[17:19:31] [Server thread/ERROR]: Unknown value for `blocks.respawn_anchor.explosion-effect`! Using default of `BLOCK`
[17:19:31] [Server thread/ERROR]: [MapSerializer] Could not deserialize key grass into class net.minecraft.world.item.Item at [entities, spawning, alt-item-despawn-rate, items]: Missing value in Registry[ResourceKey[minecraft:root / minecraft:item] (Stable)] with key minecraft:grass
[17:19:31] [Server thread/ERROR]: [MapSerializer] Could not deserialize key potion into net.minecraft.world.entity.EntityType<?> at [chunks, entity-per-chunk-save-limit]: Missing value in Registry[ResourceKey[minecraft:root / minecraft:entity_type] (Stable)] with key minecraft:potion
[17:19:31] [Server thread/ERROR]: Unknown value for `blocks.bed.explosion-effect`! Using default of `BLOCK`
[17:19:31] [Server thread/ERROR]: Unknown value for `blocks.end-crystal.baseless.explosion-effect`! Using default of `BLOCK`
[17:19:31] [Server thread/ERROR]: Unknown value for `blocks.end-crystal.base.explosion-effect`! Using default of `BLOCK`
[17:19:31] [Server thread/ERROR]: Unknown value for `blocks.respawn_anchor.explosion-effect`! Using default of `BLOCK`
[17:19:31] [Server thread/ERROR]: [MapSerializer] Could not deserialize key grass into class net.minecraft.world.item.Item at [entities, spawning, alt-item-despawn-rate, items]: Missing value in Registry[ResourceKey[minecraft:root / minecraft:item] (Stable)] with key minecraft:grass
[17:19:31] [Server thread/ERROR]: [MapSerializer] Could not deserialize key potion into net.minecraft.world.entity.EntityType<?> at [chunks, entity-per-chunk-save-limit]: Missing value in Registry[ResourceKey[minecraft:root / minecraft:entity_type] (Stable)] with key minecraft:potion
[17:19:31] [Server thread/ERROR]: Unknown value for `blocks.bed.explosion-effect`! Using default of `BLOCK`
[17:19:31] [Server thread/ERROR]: Unknown value for `blocks.end-crystal.baseless.explosion-effect`! Using default of `BLOCK`
[17:19:31] [Server thread/ERROR]: Unknown value for `blocks.end-crystal.base.explosion-effect`! Using default of `BLOCK`
[17:19:31] [Server thread/ERROR]: Unknown value for `blocks.respawn_anchor.explosion-effect`! Using default of `BLOCK`
[17:19:31] [Server thread/INFO]: Preparing start region for dimension minecraft:overworld
[17:19:32] [Server thread/INFO]: Preparing spawn area: 0%
[17:19:32] [Server thread/INFO]: Preparing spawn area: 0%
[17:19:33] [Server thread/INFO]: Preparing spawn area: 38%
[17:19:33] [Server thread/INFO]: Preparing spawn area: 38%
[17:19:33] [Server thread/INFO]: Time elapsed: 1557 ms
[17:19:33] [Server thread/INFO]: Preparing start region for dimension minecraft:the_nether
[17:19:33] [Server thread/INFO]: Preparing spawn area: 0%
[17:19:33] [Server thread/INFO]: Time elapsed: 427 ms
[17:19:33] [Server thread/INFO]: Preparing start region for dimension minecraft:the_end
[17:19:33] [Server thread/INFO]: Preparing spawn area: 0%
[17:19:34] [Server thread/INFO]: Time elapsed: 168 ms
[17:19:34] [Server thread/INFO]: [spark] Starting background profiler...
[17:19:34] [Server thread/INFO]: Done preparing level "world" (3.582s)
[17:19:34] [Server thread/INFO]: Running delayed init tasks
[17:19:34] [Server thread/INFO]: Done (16.460s)! For help, type "help"
[19:19:13] [Server thread/INFO]: Stopping server
[19:19:13] [Server thread/INFO]: Saving players
[19:19:13] [Server thread/INFO]: Saving worlds
[19:19:13] [Server thread/INFO]: Saving chunks for level 'ServerLevel[world]'/minecraft:overworld
[19:19:13] [Server thread/INFO]: [ChunkHolderManager] Waiting 60s for chunk system to halt for world 'world'
[19:19:13] [Server thread/INFO]: [ChunkHolderManager] Halted chunk system for world 'world'
[19:19:13] [Server thread/INFO]: [ChunkHolderManager] Saving all chunkholders for world 'world'
[19:19:13] [Server thread/INFO]: [ChunkHolderManager] Saved 0 block chunks, 2 entity chunks, 0 poi chunks in world 'world' in 0.01s
[19:19:13] [Server thread/INFO]: [ChunkHolderManager] Waiting 60s for chunk I/O to halt for world 'world'
[19:19:13] [Server thread/INFO]: [ChunkHolderManager] Halted I/O scheduler for world 'world'
[19:19:13] [Server thread/INFO]: Saving chunks for level 'ServerLevel[world_nether]'/minecraft:the_nether
[19:19:13] [Server thread/INFO]: [ChunkHolderManager] Waiting 60s for chunk system to halt for world 'world_nether'
[19:19:13] [Server thread/INFO]: [ChunkHolderManager] Halted chunk system for world 'world_nether'
[19:19:13] [Server thread/INFO]: [ChunkHolderManager] Saving all chunkholders for world 'world_nether'
[19:19:13] [Server thread/INFO]: [ChunkHolderManager] Saved 0 block chunks, 8 entity chunks, 0 poi chunks in world 'world_nether' in 0.00s
[19:19:13] [Server thread/INFO]: [ChunkHolderManager] Waiting 60s for chunk I/O to halt for world 'world_nether'
[19:19:13] [Server thread/INFO]: [ChunkHolderManager] Halted I/O scheduler for world 'world_nether'
[19:19:13] [Server thread/INFO]: Saving chunks for level 'ServerLevel[world_the_end]'/minecraft:the_end
[19:19:13] [Server thread/INFO]: [ChunkHolderManager] Waiting 60s for chunk system to halt for world 'world_the_end'
[19:19:13] [Server thread/INFO]: [ChunkHolderManager] Halted chunk system for world 'world_the_end'
[19:19:13] [Server thread/INFO]: [ChunkHolderManager] Saving all chunkholders for world 'world_the_end'
[19:19:13] [Server thread/INFO]: [ChunkHolderManager] Saved 0 block chunks, 10 entity chunks, 0 poi chunks in world 'world_the_end' in 0.01s
[19:19:13] [Server thread/INFO]: [ChunkHolderManager] Waiting 60s for chunk I/O to halt for world 'world_the_end'
[19:19:13] [Server thread/INFO]: [ChunkHolderManager] Halted I/O scheduler for world 'world_the_end'
[19:19:13] [Server thread/INFO]: ThreadedAnvilChunkStorage (world): All chunks are saved
[19:19:13] [Server thread/INFO]: ThreadedAnvilChunkStorage (DIM-1): All chunks are saved
[19:19:13] [Server thread/INFO]: ThreadedAnvilChunkStorage (DIM1): All chunks are saved
[19:19:13] [Server thread/INFO]: ThreadedAnvilChunkStorage: All dimensions are saved
[19:19:13] [Server thread/INFO]: Waiting for all RegionFile I/O tasks to complete...
[19:19:13] [Server thread/INFO]: All RegionFile I/O tasks to complete
[19:19:13] [Server thread/INFO]: [MoonriseCommon] Awaiting termination of worker pool for up to 60s...
[19:19:13] [Server thread/INFO]: [MoonriseCommon] Awaiting termination of I/O pool for up to 60s...
